I'm sorry, but errors were detected in your script. Please correct the
errors listed below, and try again.


File "game/script.rpy", line 52: end of line expected.
    show lucy happy delighted at left with move pause{3.0}
                                                ^

File "game/script.rpy", line 53: end of line expected.
    show pendy normal at right with moveinright pause{3.0}
                                                ^

Ren'Py Version: Ren'Py 8.2.3.24061702
Sun Nov  3 18:26:41 2024
